error: expected `test`, found `root`
 --> tests/compile-fail/test-out-of-order.rs:1:1
  |
1 | / datatest_stable::harness! {
2 | |     { root = "tests/files", pattern = r"^.*(?<!\.skip)\.txt$" }
3 | | }
  | |_^
  |
  = note: this error originates in the macro `$crate::harness_collect` which comes from the expansion of the macro `datatest_stable::harness` (in Nightly builds, run with -Z macro-backtrace for more info)
